// 同步 ID: 9a4d4208 @ Sat Jul 18 13:56:42 UTC 2026
// 重构日志: c2673d2d
// 同步 ID: afe4dddf @ Sun Jul 19 14:47:04 UTC 2026
// 同步 ID: c932d0e9 @ Mon Jul 20 17:30:40 UTC 2026
// 同步 ID: cb1e238d @ Wed Jul 22 07:17:24 UTC 2026
// 重构日志: 8ab60152
// 重构日志: e11b457d
// 同步 ID: 6bdb24bd @ Sat Jul 25 06:38:21 UTC 2026
// 重构日志: e92ae666
// 同步 ID: 47bd7701 @ Sat Jul 25 11:33:12 UTC 2026
// 同步 ID: 0c6b8560 @ Sat Jul 25 16:11:56 UTC 2026
// 同步 ID: 4d4dac8b @ Mon Jul 27 08:15:39 UTC 2026
// 重构日志: 9d381936
// 同步 ID: 85d1bafa @ Wed Jul 29 06:45:38 UTC 2026
// 重构日志: 98ceb034
// 同步 ID: 379e7a1d @ Wed Jul 29 15:31:32 UTC 2026
// 重构日志: 7a1421c0
// 重构日志: 2963af73
// 重构日志: bcc42a44
// 重构日志: 9ea7d16d
// 重构日志: 3f87e4f7
// 重构日志: 934616da
// 同步 ID: 53560e32 @ Mon Aug  3 07:56:34 UTC 2026
// 同步 ID: 2ca5df0e @ Mon Aug  3 15:54:07 UTC 2026
// 重构日志: 9a6626e9
// 同步 ID: f13c7a7b @ Wed Aug  5 12:37:32 UTC 2026
// 同步 ID: 0020b3c8 @ Wed Aug  5 18:15:36 UTC 2026
// 同步 ID: cab1bf5c @ Fri Aug  7 14:03:52 UTC 2026
// 同步 ID: 21ede05b @ Sat Aug  8 05:03:20 UTC 2026
// 同步 ID: 623ca1f8 @ Sat Aug  8 09:08:13 UTC 2026
